[gangapipes.com/index.html]
[backblue.gif]
[fade.gif]
[index.html]
[gangapipes.com/assets/css/font-awesome-all15f4.css]
[gangapipes.com/assets/css/flaticon15f4.css]
[gangapipes.com/assets/css/owl15f4.css]
[gangapipes.com/assets/css/bootstrap15f4.css]
[gangapipes.com/assets/css/jquery.fancybox.min15f4.css]
[gangapipes.com/assets/css/animate15f4.css]
[gangapipes.com/assets/css/color15f4.css]
[gangapipes.com/assets/css/rtl15f4.css]
[gangapipes.com/assets/css/style15f4.css]
[gangapipes.com/assets/css/responsive15f4.css]
[gangapipes.com/assets/images/logo.png]
[gangapipes.com/company-profile.html]
[gangapipes.com/categorycc32.html]
[gangapipes.com/category2047.html]
[gangapipes.com/categoryb070.html]
[gangapipes.com/category10ec.html]
[gangapipes.com/category03d3.html]
[gangapipes.com/categorya69b.html]
[gangapipes.com/categoryf6bb.html]
[gangapipes.com/category568c.html]
[gangapipes.com/category185b.html]
[gangapipes.com/category30ba.html]
[gangapipes.com/Ganga-Pipes-Catalogue.pdf]
[gangapipes.com/contact.html]
[gangapipes.com/inquiry.html]
[gangapipes.com/assets/images/small-logo.png]
[gangapipes.com/upload/banner/1658580017banner11.jpg]
[gangapipes.com/upload/banner/1658579754banner21.jpg]
[gangapipes.com/upload/banner/1658579788banner31.jpg]
[gangapipes.com/upload/banner/1659185942banner9.jpg]
[gangapipes.com/upload/banner/1658580555banner5.jpg]
[gangapipes.com/upload/banner/1658580833banner4.jpg]
[gangapipes.com/upload/banner/1658580966banner6.jpg]
[gangapipes.com/upload/banner/1659185032banner71.jpg]
[gangapipes.com/assets/images/since.png]
[gangapipes.com/upload/category/1656496134feature-1.jpg]
[gangapipes.com/upload/category/1656496161feature-2.jpg]
[gangapipes.com/upload/category/1656496179feature-3.jpg]
[gangapipes.com/upload/category/1656496213feature-11.jpg]
[gangapipes.com/upload/category/1656496238feature-21.jpg]
[gangapipes.com/upload/category/1656496269feature-31.jpg]
[gangapipes.com/upload/category/1656496292feature-113.jpg]
[gangapipes.com/upload/category/1656496314feature-212.jpg]
[gangapipes.com/upload/category/1656496340feature-312.jpg]
[gangapipes.com/upload/category/16595094630PEX-Pipes-copy1.jpg]
[gangapipes.com/upload/cms/1656511228about-1.png]
[gangapipes.com/assets/images/qulitylogo/c1.png]
[gangapipes.com/assets/images/qulitylogo/c2.png]
[gangapipes.com/assets/images/qulitylogo/c3.png]
[gangapipes.com/assets/images/qulitylogo/c4.png]
[gangapipes.com/assets/images/qulitylogo/c5.png]
[gangapipes.com/assets/images/qulitylogo/c6.png]
[gangapipes.com/assets/images/qulitylogo/c7.png]
[gangapipes.com/assets/images/qulitylogo/c8.png]
[gangapipes.com/product-detailsd76e.html]
[gangapipes.com/upload/products/16578877871-pipe-3-meter.jpg]
[gangapipes.com/product-details756c.html]
[gangapipes.com/upload/products/16579680061-pipe-3-mtr.jpg]
[gangapipes.com/upload/products/1658153599Ring-Type-Pipe-A.jpg]
[gangapipes.com/product-detailsf01c.html]
[gangapipes.com/upload/products/165788860610-fta.jpg]
[gangapipes.com/product-detailsa019.html]
[gangapipes.com/upload/products/1658128059UPVCFTA.jpg]
[gangapipes.com/product-detailsd9e8.html]
[gangapipes.com/upload/products/1658154852Ring-Type-Double-Y.jpg]
[gangapipes.com/product-details2cf4.html]
[gangapipes.com/upload/products/165788891911-reducer-tee.jpg]
[gangapipes.com/product-details6822.html]
[gangapipes.com/upload/products/1658128839UPVCReducerTee.jpg]
[gangapipes.com/product-details0fc9.html]
[gangapipes.com/upload/products/1658154896Bend-87-with-Door.jpg]
[gangapipes.com/product-details0d61.html]
[gangapipes.com/upload/products/165788911812-reducer-coupler.jpg]
[gangapipes.com/product-detailsdd89.html]
[gangapipes.com/upload/products/1658129029UPVCReducerCoupler.jpg]
[gangapipes.com/product-details362b.html]
[gangapipes.com/upload/products/1658154956Ring-Type-Single-Tee-with-Door.jpg]
[gangapipes.com/product-detailsa228.html]
[gangapipes.com/upload/products/165788949613-reducer-elbow.jpg]
[gangapipes.com/product-details686a.html]
[gangapipes.com/product-details09f9.html]
[gangapipes.com/upload/products/1658129310UPVCReducerElbow.jpg]
[gangapipes.com/upload/products/1658155050Ring-Type-SingleY-with-Door.jpg]
[gangapipes.com/product-details50dc.html]
[gangapipes.com/upload/products/165788961715-reducer-mta.jpg]
[gangapipes.com/product-details87c2.html]
[gangapipes.com/upload/products/1658129504UPVCReducerBush.jpg]
[gangapipes.com/product-details5ebb.html]
[gangapipes.com/upload/products/1658155103Ring-Type-Reduce-Coupler.jpg]
[gangapipes.com/product-detailsb353.html]
[gangapipes.com/upload/products/165788970916-reducer-fta.jpg]
[gangapipes.com/product-details1f85.html]
[gangapipes.com/upload/products/1658131065UPVCBrassElbow.jpg]
[gangapipes.com/product-details6045.html]
[gangapipes.com/assets/images/resource/info-11.jpg]
[gangapipes.com/assets/images/background/testimonial-bg.jpg]
[gangapipes.com/upload/testimonials/1656504998testimonial-1.png]
[gangapipes.com/upload/testimonials/1656505237testimonial-1.png]
[gangapipes.com/upload/testimonials/1656505269testimonial-1.png]
[gangapipes.com/assets/images/defualttestimonial.jpg]
[gangapipes.com/upload/brandlogo/1661835509events010.jpg]
[gangapipes.com/upload/brandlogo/1689571376WhatsApp-Image-2023-06-22-at-20.56.56.jpg]
[gangapipes.com/upload/brandlogo/16629629271.jpg]
[gangapipes.com/upload/brandlogo/16629629092.jpg]
[gangapipes.com/upload/brandlogo/16629630073.jpg]
[gangapipes.com/upload/brandlogo/16629630834.jpg]
[gangapipes.com/upload/brandlogo/1663064479WhatsApp-Image-2022-09-13-at-00.05.50.jpg]
[gangapipes.com/upload/brandlogo/1689571412WhatsApp-Image-2023-06-22-at-20.56.57.jpg]
[gangapipes.com/upload/brandlogo/1689571427WhatsApp-Image-2023-07-10-at-19.44.15.jpg]
[gangapipes.com/upload/brandlogo/1661835363events002.jpg]
[gangapipes.com/upload/brandlogo/1689571442WhatsApp-Image-2023-07-10-at-19.44.39.jpg]
[gangapipes.com/upload/brandlogo/16954732801695448588640.jpg]
[gangapipes.com/upload/brandlogo/16954735451693291591944.jpg]
[gangapipes.com/upload/brandlogo/1661835393events005.jpg]
[gangapipes.com/upload/brandlogo/1661835403events006.jpg]
[gangapipes.com/upload/brandlogo/1661835467events007.jpg]
[gangapipes.com/upload/brandlogo/1661835482events008.jpg]
[gangapipes.com/upload/brandlogo/1661835497events009.jpg]
[gangapipes.com/assets/images/shape/shape-3.png]
[gangapipes.com/assets/images/footer-logo.png]
[gangapipes.com/assets/js/jquery15f4.js]
[gangapipes.com/assets/js/popper.min15f4.js]
[gangapipes.com/assets/js/bootstrap.min15f4.js]
[gangapipes.com/assets/js/wow15f4.js]
[gangapipes.com/assets/js/owl15f4.js]
[gangapipes.com/assets/js/validation15f4.js]
[gangapipes.com/assets/js/appear15f4.js]
[gangapipes.com/assets/js/jquery.countTo15f4.js]
[gangapipes.com/assets/js/scrollbar15f4.js]
[gangapipes.com/assets/js/jquery.fancybox15f4.js]
[gangapipes.com/assets/js/nav-tool15f4.js]
[gangapipes.com/assets/js/circle-progress15f4.js]
[gangapipes.com/assets/js/jquery.nice-select.min15f4.js]
[gangapipes.com/index.html]
[gangapipes.com/assets/images/favicon.html]
[gangapipes.com/assets/js/script15f4.js]
[gangapipes.com/assets/js/TweenMax.min15f4.js]
[gangapipes.com/assets/fonts/fa-brands-400.woff2]
[gangapipes.com/assets/fonts/fa-brands-400.eot]
[gangapipes.com/assets/fonts/fa-brands-400d41d.eot]
[gangapipes.com/assets/fonts/fa-brands-400.woff]
[gangapipes.com/assets/fonts/fa-brands-400.ttf]
[gangapipes.com/assets/fonts/fa-brands-400.svg]
[gangapipes.com/assets/fonts/fa-regular-400.eot]
[gangapipes.com/assets/fonts/fa-regular-400d41d.eot]
[gangapipes.com/assets/fonts/fa-regular-400.woff2]
[gangapipes.com/assets/fonts/fa-regular-400.woff]
[gangapipes.com/assets/fonts/fa-regular-400.ttf]
[gangapipes.com/assets/fonts/fa-regular-400.svg]
[gangapipes.com/assets/fonts/fa-solid-900.eot]
[gangapipes.com/assets/fonts/fa-solid-900d41d.eot]
[gangapipes.com/assets/fonts/fa-solid-900.woff2]
[gangapipes.com/assets/fonts/fa-solid-900.woff]
[gangapipes.com/assets/css/font-awesome-all15f4.css]
[gangapipes.com/assets/fonts/fa-solid-900.ttf]
[gangapipes.com/assets/fonts/Flaticon.eot]
[gangapipes.com/assets/fonts/fa-solid-900.svg]
[gangapipes.com/assets/fonts/Flaticond41d.eot]
[gangapipes.com/assets/fonts/Flaticon.woff2]
[gangapipes.com/assets/fonts/Flaticon.woff]
[gangapipes.com/assets/fonts/Flaticon.ttf]
[gangapipes.com/assets/css/flaticon15f4.css]
[gangapipes.com/assets/css/owl15f4.css]
[gangapipes.com/assets/css/bootstrap15f4.css]
[gangapipes.com/assets/css/jquery.fancybox.min15f4.css]
[gangapipes.com/assets/css/animate15f4.css]
[gangapipes.com/assets/css/color15f4.css]
[gangapipes.com/assets/css/rtl15f4.css]
[gangapipes.com/assets/fonts/Flaticon.svg]
[gangapipes.com/assets/images/icons/preloader.png]
[gangapipes.com/assets/images/icons/preloader-2.png]
[gangapipes.com/assets/images/icons/preloader-3.png]
[gangapipes.com/assets/images/icons/preloader-4.png]
[gangapipes.com/assets/images/icons/preloader-5.png]
[gangapipes.com/assets/images/icons/cross-out.png]
[gangapipes.com/assets/css/style15f4.css]
[gangapipes.com/assets/css/responsive15f4.css]
[gangapipes.com/upload/cms/banner23.jpg]
[gangapipes.com/pages9f7f.html]
[gangapipes.com/pages8bbd.html]
[gangapipes.com/pages011e.html]
[gangapipes.com/assets/images/shape/shape-25.png]
[gangapipes.com/upload/cms/companyprofile.jpg]
[gangapipes.com/company-profile.html]
[gangapipes.com/upload/category/16617703410cpvc.jpg]
[gangapipes.com/index-3.html]
[gangapipes.com/upload/cms/cpvcgraph.jpg]
[gangapipes.com/product-details66d9.html]
[gangapipes.com/upload/products/16578878702-pipe-5-meter.jpg]
[gangapipes.com/upload/products/16578879553-elbow.jpg]
[gangapipes.com/product-details2e82.html]
[gangapipes.com/upload/products/16578879974-tee.jpg]
[gangapipes.com/product-detailsabf2.html]
[gangapipes.com/upload/products/16578880145-coupler.jpg]
[gangapipes.com/product-details9c49.html]
[gangapipes.com/upload/products/16578880346-end-cap.jpg]
[gangapipes.com/upload/products/16578880547-elbow-45.jpg]
[gangapipes.com/product-details53d9.html]
[gangapipes.com/upload/products/16578880708-cross-tee.jpg]
[gangapipes.com/product-details79b2.html]
[gangapipes.com/product-details11bc.html]
[gangapipes.com/upload/products/16578880899-mta.jpg]
[gangapipes.com/upload/products/165788979214-reducer-bush.jpg]
[gangapipes.com/product-details0b00.html]
[gangapipes.com/product-detailsc418.html]
[gangapipes.com/upload/products/165788994717-brass-elbow.jpg]
[gangapipes.com/product-detailsa286.html]
[gangapipes.com/upload/products/165789005218-brass-tee.jpg]
[gangapipes.com/upload/products/165789020119-brass-mta.jpg]
[gangapipes.com/product-details1a52.html]
[gangapipes.com/product-detailsf73e.html]
[gangapipes.com/upload/products/165789029220-brass-fta.jpg]
[gangapipes.com/product-details0e34.html]
[gangapipes.com/upload/products/165789036721-union.jpg]
[gangapipes.com/product-detailsd14b.html]
[gangapipes.com/upload/products/165789043222-ball-value.jpg]
[gangapipes.com/product-details1015.html]
[gangapipes.com/upload/products/165789055923-soket.jpg]
[gangapipes.com/product-details2c6b.html]
[gangapipes.com/upload/products/165789063024-threde.jpg]
[gangapipes.com/product-details2597.html]
[gangapipes.com/upload/products/165789075625-end-plug.jpg]
[gangapipes.com/product-detailsd843.html]
[gangapipes.com/upload/products/165789085926-t-bush.jpg]
[gangapipes.com/product-detailsdf8d.html]
[gangapipes.com/upload/products/165789093727-elbow-t.jpg]
[gangapipes.com/product-details78a0.html]
[gangapipes.com/upload/products/165789113628-cement.jpg]
[gangapipes.com/categorycc32.html]
[gangapipes.com/product-detailsa833.html]
[gangapipes.com/upload/category/16617722611upvc.jpg]
[gangapipes.com/product-details3052.html]
[gangapipes.com/upload/products/16579685621-pipe-5-mtr.jpg]
[gangapipes.com/upload/products/16579695263-elbow.jpg]
[gangapipes.com/product-details9d6d.html]
[gangapipes.com/upload/products/16579699044-tee.jpg]
[gangapipes.com/product-detailsf85b.html]
[gangapipes.com/upload/products/16579700385-coupler.jpg]
[gangapipes.com/product-details1443.html]
[gangapipes.com/upload/products/16579702666-end-cap.jpg]
[gangapipes.com/product-detailsd7fb.html]
[gangapipes.com/upload/products/16581267437-elbow-45.jpg]
[gangapipes.com/product-details3f1a.html]
[gangapipes.com/upload/products/1658127802UPVCcrossTee.jpg]
[gangapipes.com/upload/products/1658127975UPVCMTA.jpg]
[gangapipes.com/product-detailsa8ba.html]
[gangapipes.com/product-details07d8.html]
[gangapipes.com/upload/products/1658133054UPVCBrassTee.jpg]
[gangapipes.com/product-details9659.html]
[gangapipes.com/upload/products/1658131498UPVCBrassMTA.jpg]
[gangapipes.com/product-details2492.html]
[gangapipes.com/upload/products/1658131594UPVCBrassFTA.jpg]
[gangapipes.com/product-details118b.html]
[gangapipes.com/product-detailse28e.html]
[gangapipes.com/upload/products/1658131794UPVCUnion.jpg]
[gangapipes.com/upload/products/1658131926UPVCBallValve.jpg]
[gangapipes.com/product-detailsf334.html]
[gangapipes.com/upload/products/1658132485UPVCTankConnector.jpg]
[gangapipes.com/upload/products/1658132584UPVCTankConnectorThreaded.jpg]
[gangapipes.com/product-detailsc8b0.html]
[gangapipes.com/product-details3e05.html]
[gangapipes.com/upload/products/1658132678UPVCEndPlug.jpg]
[gangapipes.com/product-details9410.html]
[gangapipes.com/upload/products/1658132817UPVCSolvent.jpg]
[gangapipes.com/product-detailsc7a3.html]
[gangapipes.com/category2047.html]
[gangapipes.com/upload/category/16617714762swer.jpg]
[gangapipes.com/upload/products/1658153666Ring-Type-Pipe-B.jpg]
[gangapipes.com/product-details4f38.html]
[gangapipes.com/upload/products/1658154171Bend-87-with-Door.jpg]
[gangapipes.com/product-detailsffa1.html]
[gangapipes.com/upload/products/1658154237Ring-Type-Single-Tee.jpg]
[gangapipes.com/product-detailscd68.html]
[gangapipes.com/upload/products/1658154388Ring-Type-Shoe-Bend.jpg]
[gangapipes.com/product-details730b.html]
[gangapipes.com/upload/products/1658154502Ring-Type-Coupler.jpg]
[gangapipes.com/product-details07e1.html]
[gangapipes.com/upload/products/1658154589Ring-Type-Cleansing-Pipe.jpg]
[gangapipes.com/product-detailsa469.html]
[gangapipes.com/upload/products/1658154654Ring-Type-Single-Y.jpg]
[gangapipes.com/product-details2313.html]
[gangapipes.com/upload/products/1658154783Ring-Type-Double-Tee.jpg]
[gangapipes.com/product-details1183.html]
[gangapipes.com/upload/products/1658155213Ring-Type-Reduce-Tee.jpg]
[gangapipes.com/product-detailsded9.html]
[gangapipes.com/upload/products/1658155259Ring-Type-Reduce-Y.jpg]
[gangapipes.com/product-details37d3.html]
[gangapipes.com/upload/products/1658302262Pasting-Type-Pipes-A.jpg]
[gangapipes.com/product-details361e.html]
[gangapipes.com/upload/products/1658302295Pasting-Type-Pipes-B.jpg]
[gangapipes.com/product-details27c0.html]
[gangapipes.com/upload/products/1658302353Pasting-Type-Bend-87.jpg]
[gangapipes.com/upload/products/1658302431Pasting-Type-Single-Tee.jpg]
[gangapipes.com/product-details7c3c.html]
[gangapipes.com/product-details5414.html]
[gangapipes.com/upload/products/1658302484Pasting-Type-Shoe-Bend-45.jpg]
[gangapipes.com/product-details4a19.html]
[gangapipes.com/upload/products/1658302529Pasting-Type-Coupler.jpg]
[gangapipes.com/product-details4449.html]
[gangapipes.com/upload/products/1658302861Pasting-Type-Cleansing-Pipe.jpg]
[gangapipes.com/product-details2b64.html]
[gangapipes.com/upload/products/1658302909Pasting-Type-Single-Y.jpg]
[gangapipes.com/upload/products/1658302969Pasting-Type-Double-Tee.jpg]
[gangapipes.com/product-detailsff5b.html]
[gangapipes.com/product-detailsda7f.html]
[gangapipes.com/upload/products/1658303047Pasting-Type-Bend-87-Door.jpg]
[gangapipes.com/product-details4bc6.html]
[gangapipes.com/upload/products/1658303108Pasting-Type-Single-Tee-Doo.jpg]
[gangapipes.com/upload/products/1658303160Pasting-Type-Single-Y-Door.jpg]
[gangapipes.com/product-detailsacf9.html]
[gangapipes.com/product-details02f9.html]
[gangapipes.com/upload/products/1658303221Pasting-Type-Reduce-Tee.jpg]
[gangapipes.com/product-details80c3.html]
[gangapipes.com/upload/products/1658303271Pasting-Type-Reduce-Y.jpg]
[gangapipes.com/product-detailsca60.html]
[gangapipes.com/upload/products/1658303326Pasting-Type-Reduce-Coupler.jpg]
[gangapipes.com/product-detailsa2d5.html]
[gangapipes.com/upload/products/1658303368Pasting-Type-Reduce-TeeDoor.jpg]
[gangapipes.com/product-detailsd3bf.html]
[gangapipes.com/upload/products/1658303425Pasting-Type-Reduce-Y-Door.jpg]
[gangapipes.com/product-detailsd50b.html]
[gangapipes.com/upload/products/1658303627Common-P-Trap-Short.jpg]
[gangapipes.com/product-detailsc78e.html]
[gangapipes.com/upload/products/1658303654Common-P-Trap-Long.jpg]
[gangapipes.com/product-detailsdec1.html]
[gangapipes.com/upload/products/1658303682Common-Q-Trap.jpg]
[gangapipes.com/product-details1f5c.html]
[gangapipes.com/upload/products/1658303708Common-S-Trap.jpg]
[gangapipes.com/product-detailsc74d.html]
[gangapipes.com/upload/products/1658303735Common-Nahani-Trap.jpg]
[gangapipes.com/product-detailsd9a0.html]
[gangapipes.com/upload/products/1658303762Common-Vent-Cowl.jpg]
[gangapipes.com/categoryb070.html]
[gangapipes.com/product-details8c22.html]
[gangapipes.com/upload/category/16617717803agri.jpg]
[gangapipes.com/category10ec.html]
[gangapipes.com/upload/category/16617680694ppr.jpg]
[gangapipes.com/category03d3.html]
[gangapipes.com/upload/category/16617681555hdep.jpg]
[gangapipes.com/categorya69b.html]
[gangapipes.com/upload/category/16617682616drip.jpg]
[gangapipes.com/categoryf6bb.html]
[gangapipes.com/upload/category/16617683447sprinkle.jpg]
[gangapipes.com/category568c.html]
[gangapipes.com/upload/category/16617729158casing.jpg]
[gangapipes.com/category185b.html]
[gangapipes.com/upload/category/1661773285pex.jpg]
[gangapipes.com/category30ba.html]
[gangapipes.com/assets/images/background/page-title-51.jpg]
[gangapipes.com/contact.html]
[gangapipes.com/assets/images/background/contact-3.jpg]
[gangapipes.com/assets/images/background/page-title-71.jpg]
[gangapipes.com/inquiry.html]
[gangapipes.com/18003130822.html]
[gangapipes.com/newweb/categorycc32.html]
[gangapipes.com/newweb/category2047.html]
[gangapipes.com/newweb/categoryb070.html]
[gangapipes.com/newweb/category10ec.html]
[gangapipes.com/newweb/category03d3.html]
[gangapipes.com/newweb/category185b.html]
[gangapipes.com/newweb/categorya69b.html]
[gangapipes.com/newweb/category568c.html]
[gangapipes.com/newweb/pages9f7f.html]
[gangapipes.com/newweb/pages011e.html]
[gangapipes.com/assets/images/background/page-title-5.jpg]
[gangapipes.com/product-detailsd76e.html]
[gangapipes.com/product-details756c.html]
[gangapipes.com/product-detailsf01c.html]
[gangapipes.com/product-detailsa019.html]
[gangapipes.com/product-detailsd9e8.html]
[gangapipes.com/product-details2cf4.html]
[gangapipes.com/product-details6822.html]
[gangapipes.com/product-details0fc9.html]
[gangapipes.com/product-details0d61.html]
[gangapipes.com/product-detailsdd89.html]
[gangapipes.com/product-details362b.html]
[gangapipes.com/product-detailsa228.html]
[gangapipes.com/product-details686a.html]
[gangapipes.com/product-details09f9.html]
[gangapipes.com/product-details50dc.html]
[gangapipes.com/product-details87c2.html]
[gangapipes.com/product-details5ebb.html]
[gangapipes.com/product-detailsb353.html]
[gangapipes.com/product-details1f85.html]
[gangapipes.com/product-details6045.html]
[gangapipes.com/assets/fonts/fa-brands-400.svg]
[gangapipes.com/assets/fonts/fa-regular-400.svg]
[gangapipes.com/assets/fonts/fa-solid-900.svg]
[gangapipes.com/assets/fonts/Flaticon.svg]
[gangapipes.com/assets/css/owl.video.play.html]
[gangapipes.com/index-2.html]
[gangapipes.com/assets/images/shape/shape-23.png]
[gangapipes.com/upload/cms/16566783171656511228about-1.png]
[gangapipes.com/pages9f7f.html]
[gangapipes.com/upload/cms/1661779040banner4.jpg]
[gangapipes.com/pages8bbd.html]
[gangapipes.com/upload/cms/1661845386qulity.jpg]
[gangapipes.com/upload/cms/1661778378banner3.jpg]
[gangapipes.com/upload/cms/map.jpg]
[gangapipes.com/upload/cms/whyus-2.jpg]
[gangapipes.com/upload/cms/whyus-3.jpg]
[gangapipes.com/upload/cms/whyus-4.jpg]
[gangapipes.com/pages011e.html]
[gangapipes.com/index-3.html]
[gangapipes.com/product-details66d9.html]
[gangapipes.com/product-details2e82.html]
[gangapipes.com/product-detailsabf2.html]
[gangapipes.com/product-details9c49.html]
[gangapipes.com/product-details53d9.html]
[gangapipes.com/product-details79b2.html]
[gangapipes.com/product-details11bc.html]
[gangapipes.com/product-details0b00.html]
[gangapipes.com/product-detailsc418.html]
[gangapipes.com/product-detailsa286.html]
[gangapipes.com/product-details1a52.html]
[gangapipes.com/product-detailsf73e.html]
[gangapipes.com/product-details0e34.html]
[gangapipes.com/product-detailsd14b.html]
[gangapipes.com/product-details1015.html]
[gangapipes.com/product-details2c6b.html]
[gangapipes.com/product-details2597.html]
[gangapipes.com/product-detailsd843.html]
[gangapipes.com/product-detailsdf8d.html]
[gangapipes.com/product-details78a0.html]
[gangapipes.com/product-detailsa833.html]
[gangapipes.com/product-details3052.html]
[gangapipes.com/product-details9d6d.html]
[gangapipes.com/product-detailsf85b.html]
[gangapipes.com/product-details1443.html]
[gangapipes.com/product-detailsd7fb.html]
[gangapipes.com/product-details3f1a.html]
[gangapipes.com/product-detailsa8ba.html]
[gangapipes.com/product-details07d8.html]
[gangapipes.com/product-details9659.html]
[gangapipes.com/product-details2492.html]
[gangapipes.com/product-details118b.html]
[gangapipes.com/product-detailse28e.html]
[gangapipes.com/product-detailsf334.html]
[gangapipes.com/product-detailsc8b0.html]
[gangapipes.com/product-details3e05.html]
[gangapipes.com/product-details9410.html]
[gangapipes.com/product-detailsc7a3.html]
[gangapipes.com/product-details4f38.html]
[gangapipes.com/product-detailsffa1.html]
[gangapipes.com/product-detailscd68.html]
[gangapipes.com/product-details730b.html]
[gangapipes.com/product-details07e1.html]
[gangapipes.com/product-detailsa469.html]
[gangapipes.com/product-details2313.html]
[gangapipes.com/product-details1183.html]
[gangapipes.com/product-detailsded9.html]
[gangapipes.com/product-details37d3.html]
[gangapipes.com/product-details361e.html]
[gangapipes.com/product-details27c0.html]
[gangapipes.com/product-details7c3c.html]
[gangapipes.com/product-details5414.html]
[gangapipes.com/product-details4a19.html]
[gangapipes.com/product-details4449.html]
[gangapipes.com/product-details2b64.html]
[gangapipes.com/product-detailsff5b.html]
[gangapipes.com/product-detailsda7f.html]
[gangapipes.com/product-details4bc6.html]
[gangapipes.com/product-detailsacf9.html]
[gangapipes.com/product-details02f9.html]
[gangapipes.com/product-details80c3.html]
[gangapipes.com/product-detailsca60.html]
[gangapipes.com/product-detailsa2d5.html]
[gangapipes.com/product-detailsd3bf.html]
[gangapipes.com/product-detailsd50b.html]
[gangapipes.com/product-detailsc78e.html]
[gangapipes.com/product-detailsdec1.html]
[gangapipes.com/product-details1f5c.html]
[gangapipes.com/product-detailsc74d.html]
[gangapipes.com/product-detailsd9a0.html]
[gangapipes.com/product-details8c22.html]
[gangapipes.com/upload/cms/1661778764Whowe-(1.html]
